✓ Initialized. View run at 
https://modal.com/apps/WORKSPACE/main/ap-REDACTED018
✓ Created objects.
├── 🔨 Created mount 
│   modal_app.py
├── 🔨 Created mount models.json
├── 🔨 Created mount examples.py
├── 🔨 Created mount finetune.py
└── 🔨 Created function experiment.
One L4; no retries; 600s remote timeout. Approximate requested compute ceiling: $0.16 plus startup/build/storage.
Warning: You are sending unauthenticated requests to the HF Hub. Please set a HF_TOKEN to enable higher rate limits and faster downloads.

[1AFetching 2 files:   0%|          | 0/2 [00:00<?, ?it/s]
[1AFetching 2 files:  50%|█████     | 1/2 [00:03<00:03,  3.28s/it]
[1AFetching 2 files: 100%|██████████| 2/2 [00:23<00:00, 13.47s/it]Fetching 2 files: 100%|██████████| 2/2 [00:23<00:00, 11.94s/it]

[1ALoading weights:   0%|          | 0/266 [00:00<?, ?it/s]
[1ALoading weights: 100%|██████████| 266/266 [00:00<00:00, 3701.50it/s]
before {'correct': 0.0, 'format_valid': 0.0}
{'step': 1, 'loss': 2.2608242630958557, 'seconds': 0.9139712309999908}
{'step': 11, 'loss': 0.0009439772693440318, 'seconds': 4.7863469919999915}
after {'correct': 0.875, 'format_valid': 1.0}

[1ALoading weights:   0%|          | 0/266 [00:00<?, ?it/s]
[1ALoading weights:  61%|██████    | 161/266 [00:00<00:00, 1608.48it/s]
[1ALoading weights: 100%|██████████| 266/266 [00:00<00:00, 2526.15it/s]
reloaded {'correct': 0.875, 'format_valid': 1.0}
{
  "model": "lfm2.5-2.6b",
  "model_spec": {
    "id": "LiquidAI/LFM2.5-2.6B",
    "revision": "654f9463ce32b05d0429d76fe1f580b27d4c1ac0",
    "multimodal": false
  },
  "task": "extraction",
  "seed": 42,
  "requested_steps": 20,
  "completed_steps": 20,
  "learning_rate": 0.0005,
  "eval_size": 8,
  "trainable_parameters": 425984,
  "adapter_changed": true,
  "reload_matches": true,
  "baseline": {
    "correct": 0.0,
    "format_valid": 0.0
  },
  "after": {
    "correct": 0.875,
    "format_valid": 1.0
  },
  "reloaded": {
    "correct": 0.875,
    "format_valid": 1.0
  },
  "training_seconds": 8.436455816999995,
  "total_seconds": 76.661014068,
  "device": "NVIDIA L4",
  "dtype": "torch.bfloat16",
  "peak_vram_gb": 5.698580992,
  "data_sha256": "f3bf2fcf9a5b99f1fd3185e1d13395fe1ae8d22a86c65b760d8641deabc2daf7",
  "versions": {
    "torch": "2.14.0",
    "transformers": "5.16.1",
    "peft": "0.20.0",
    "accelerate": "1.14.0"
  }
}
Results: runs/lfm2.5-2.6b-extraction-1788723910717595216; adapter: Modal volume model-training-workshop /runs/lfm2.5-2.6b-extraction-1788723910717595216/adapter
Stopping app - local entrypoint completed.
✓ App completed. View run at 
https://modal.com/apps/WORKSPACE/main/ap-REDACTED018
