✓ Initialized. View run at 
https://modal.com/apps/WORKSPACE/main/ap-REDACTED010
✓ Created objects.
├── 🔨 Created mount 
│   modal_app.py
├── 🔨 Created mount models.json
├── 🔨 Created mount examples.py
├── 🔨 Created mount finetune.py
└── 🔨 Created function experiment.
One L4; no retries; 600s remote timeout. Approximate requested compute ceiling: $0.16 plus startup/build/storage.

[1ALoading weights:   0%|          | 0/148 [00:00<?, ?it/s]
[1ALoading weights:  17%|█▋        | 25/148 [00:00<00:00, 227.91it/s]
[1ALoading weights:  41%|████      | 60/148 [00:00<00:00, 293.35it/s]
[1ALoading weights: 100%|██████████| 148/148 [00:00<00:00, 493.72it/s]
before {'correct': 0.0, 'format_valid': 0.125}
{'step': 1, 'loss': 6.009789228439331, 'seconds': 0.9072654239999984}
{'step': 11, 'loss': 0.010436341122840531, 'seconds': 3.3551606049999982}
{'step': 21, 'loss': 0.14997930577374063, 'seconds': 5.777236832}
{'step': 31, 'loss': 0.007054944384435657, 'seconds': 8.269335092000002}
Warning: You are sending unauthenticated requests to the HF Hub. Please set a HF_TOKEN to enable higher rate limits and faster downloads.
after {'correct': 1.0, 'format_valid': 1.0}

[1ALoading weights:   0%|          | 0/148 [00:00<?, ?it/s]
[1ALoading weights: 100%|██████████| 148/148 [00:00<00:00, 3065.89it/s]
reloaded {'correct': 1.0, 'format_valid': 1.0}
{
  "model": "lfm2.5-350m",
  "model_spec": {
    "id": "LiquidAI/LFM2.5-350M",
    "revision": "9e6c6ccf47cd318696e137d381a7ded8fe4df09f",
    "multimodal": false
  },
  "task": "polish",
  "seed": 42,
  "requested_steps": 40,
  "completed_steps": 40,
  "learning_rate": 0.0005,
  "eval_size": 8,
  "trainable_parameters": 172032,
  "adapter_changed": true,
  "reload_matches": true,
  "baseline": {
    "correct": 0.0,
    "format_valid": 0.125
  },
  "after": {
    "correct": 1.0,
    "format_valid": 1.0
  },
  "reloaded": {
    "correct": 1.0,
    "format_valid": 1.0
  },
  "training_seconds": 10.480161003000003,
  "total_seconds": 20.933405434,
  "device": "NVIDIA L4",
  "dtype": "torch.bfloat16",
  "peak_vram_gb": 0.802557952,
  "data_sha256": "b5588184fed2acb7a4f7869245d5003d9fd411dee977dfbf273c7fd1d68b3782",
  "versions": {
    "torch": "2.14.0",
    "transformers": "5.16.1",
    "peft": "0.20.0",
    "accelerate": "1.14.0"
  }
}
Results: runs/lfm2.5-350m-polish-1788723780228847254; adapter: Modal volume model-training-workshop /runs/lfm2.5-350m-polish-1788723780228847254/adapter
Stopping app - local entrypoint completed.
✓ App completed. View run at 
https://modal.com/apps/WORKSPACE/main/ap-REDACTED010
